[dreadnaut.altervista.org/pascal/tp7ita/index.html]
[backblue.gif]
[fade.gif]
[index.html]
[dreadnaut.altervista.org/pascal/tp7ita/0479.html]
[dreadnaut.altervista.org/pascal/tp7ita/0480.html]
[dreadnaut.altervista.org/pascal/tp7ita/05D9.html]
[dreadnaut.altervista.org/pascal/tp7ita/05DC.html]
[dreadnaut.altervista.org/pascal/tp7ita/06BD.html]
[dreadnaut.altervista.org/pascal/tp7ita/0538.html]
[dreadnaut.altervista.org/pascal/tp7ita/0539.html]
[dreadnaut.altervista.org/pascal/tp7ita/053B.html]
[dreadnaut.altervista.org/pascal/tp7ita/0694.html]
[dreadnaut.altervista.org/pascal/tp7ita/06C3.html]
[dreadnaut.altervista.org/pascal/tp7ita/06C8.html]
[dreadnaut.altervista.org/pascal/tp7ita/0542.html]
[dreadnaut.altervista.org/pascal/tp7ita/06AC.html]
[dreadnaut.altervista.org/pascal/tp7ita/06AE.html]
[dreadnaut.altervista.org/pascal/tp7ita/06B3.html]
[dreadnaut.altervista.org/pascal/tp7ita/06AB.html]
[dreadnaut.altervista.org/pascal/tp7ita/06B1.html]
[dreadnaut.altervista.org/pascal/tp7ita/06C7.html]
[dreadnaut.altervista.org/pascal/tp7ita/01A7.html]
[dreadnaut.altervista.org/pascal/tp7ita/01A9.html]
[dreadnaut.altervista.org/pascal/tp7ita/01AA.html]
[dreadnaut.altervista.org/pascal/tp7ita/01A8.html]
[dreadnaut.altervista.org/pascal/tp7ita/05EF.html]
[dreadnaut.altervista.org/pascal/tp7ita/06BC.html]
[dreadnaut.altervista.org/pascal/tp7ita/0559.html]
[dreadnaut.altervista.org/pascal/tp7ita/055A.html]
[dreadnaut.altervista.org/pascal/tp7ita/055C.html]
[dreadnaut.altervista.org/pascal/tp7ita/055D.html]
[dreadnaut.altervista.org/pascal/tp7ita/0561.html]
[dreadnaut.altervista.org/pascal/tp7ita/0562.html]
[dreadnaut.altervista.org/pascal/tp7ita/06BB.html]
[dreadnaut.altervista.org/pascal/tp7ita/059D.html]
[dreadnaut.altervista.org/pascal/tp7ita/0602.html]
[dreadnaut.altervista.org/pascal/tp7ita/067D.html]
[dreadnaut.altervista.org/pascal/tp7ita/05A2.html]
[dreadnaut.altervista.org/pascal/tp7ita/06A8.html]
[dreadnaut.altervista.org/pascal/tp7ita/0490.html]
[dreadnaut.altervista.org/pascal/tp7ita/0499.html]
[dreadnaut.altervista.org/pascal/tp7ita/04A3.html]
[dreadnaut.altervista.org/pascal/tp7ita/04A5.html]
[dreadnaut.altervista.org/pascal/tp7ita/060C.html]
[dreadnaut.altervista.org/pascal/tp7ita/04B8.html]
[dreadnaut.altervista.org/pascal/tp7ita/06C2.html]
[dreadnaut.altervista.org/pascal/tp7ita/06C9.html]
[dreadnaut.altervista.org/pascal/tp7ita/04D1.html]
[dreadnaut.altervista.org/pascal/tp7ita/0619.html]
[dreadnaut.altervista.org/pascal/tp7ita/05C5.html]
[dreadnaut.altervista.org/pascal/tp7ita/04F7.html]
[dreadnaut.altervista.org/pascal/tp7ita/06A1.html]
[dreadnaut.altervista.org/pascal/tp7ita/0513.html]
[dreadnaut.altervista.org/pascal/tp7ita/06C1.html]
[dreadnaut.altervista.org/pascal/tp7ita/06C6.html]
[dreadnaut.altervista.org/pascal/tp7ita/051B.html]
[dreadnaut.altervista.org/pascal/tp7ita/06AF.html]
[dreadnaut.altervista.org/pascal/tp7ita/06BA.html]
[dreadnaut.altervista.org/pascal/tp7ita/06AA.html]
[dreadnaut.altervista.org/pascal/tp7ita/06B2.html]
[dreadnaut.altervista.org/pascal/tp7ita/051F.html]
[dreadnaut.altervista.org/pascal/tp7ita/index.html]
[dreadnaut.altervista.org/pascal/tp7ita/0522.html]
[dreadnaut.altervista.org/pascal/tp7ita/0103.html]
[dreadnaut.altervista.org/pascal/tp7ita/05A3.html]
[dreadnaut.altervista.org/pascal/tp7ita/0487.html]
[dreadnaut.altervista.org/pascal/tp7ita/0479.html]
[dreadnaut.altervista.org/pascal/tp7ita/0101.html]
[dreadnaut.altervista.org/pascal/tp7ita/0480.html]
[dreadnaut.altervista.org/pascal/tp7ita/05D9.html]
[dreadnaut.altervista.org/pascal/tp7ita/0620.html]
[dreadnaut.altervista.org/pascal/tp7ita/05DC.html]
[dreadnaut.altervista.org/pascal/tp7ita/0577.html]
[dreadnaut.altervista.org/pascal/tp7ita/04DD.html]
[dreadnaut.altervista.org/pascal/tp7ita/06BD.html]
[dreadnaut.altervista.org/pascal/tp7ita/0538.html]
[dreadnaut.altervista.org/pascal/tp7ita/0539.html]
[dreadnaut.altervista.org/pascal/tp7ita/053B.html]
[dreadnaut.altervista.org/pascal/tp7ita/0698.html]
[dreadnaut.altervista.org/pascal/tp7ita/0696.html]
[dreadnaut.altervista.org/pascal/tp7ita/0694.html]
[dreadnaut.altervista.org/pascal/tp7ita/0519.html]
[dreadnaut.altervista.org/pascal/tp7ita/04B3.html]
[dreadnaut.altervista.org/pascal/tp7ita/057A.html]
[dreadnaut.altervista.org/pascal/tp7ita/04E0.html]
[dreadnaut.altervista.org/pascal/tp7ita/06C3.html]
[dreadnaut.altervista.org/pascal/tp7ita/06C8.html]
[dreadnaut.altervista.org/pascal/tp7ita/0542.html]
[dreadnaut.altervista.org/pascal/tp7ita/0545.html]
[dreadnaut.altervista.org/pascal/tp7ita/0546.html]
[dreadnaut.altervista.org/pascal/tp7ita/0549.html]
[dreadnaut.altervista.org/pascal/tp7ita/054A.html]
[dreadnaut.altervista.org/pascal/tp7ita/054E.html]
[dreadnaut.altervista.org/pascal/tp7ita/054F.html]
[dreadnaut.altervista.org/pascal/tp7ita/0554.html]
[dreadnaut.altervista.org/pascal/tp7ita/0558.html]
[dreadnaut.altervista.org/pascal/tp7ita/0567.html]
[dreadnaut.altervista.org/pascal/tp7ita/0568.html]
[dreadnaut.altervista.org/pascal/tp7ita/056E.html]
[dreadnaut.altervista.org/pascal/tp7ita/0571.html]
[dreadnaut.altervista.org/pascal/tp7ita/0575.html]
[dreadnaut.altervista.org/pascal/tp7ita/057D.html]
[dreadnaut.altervista.org/pascal/tp7ita/058A.html]
[dreadnaut.altervista.org/pascal/tp7ita/058B.html]
[dreadnaut.altervista.org/pascal/tp7ita/05A4.html]
[dreadnaut.altervista.org/pascal/tp7ita/04D9.html]
[dreadnaut.altervista.org/pascal/tp7ita/04DC.html]
[dreadnaut.altervista.org/pascal/tp7ita/04E3.html]
[dreadnaut.altervista.org/pascal/tp7ita/04E9.html]
[dreadnaut.altervista.org/pascal/tp7ita/04EC.html]
[dreadnaut.altervista.org/pascal/tp7ita/050F.html]
[dreadnaut.altervista.org/pascal/tp7ita/06AC.html]
[dreadnaut.altervista.org/pascal/tp7ita/06AE.html]
[dreadnaut.altervista.org/pascal/tp7ita/06B4.html]
[dreadnaut.altervista.org/pascal/tp7ita/06B5.html]
[dreadnaut.altervista.org/pascal/tp7ita/06B6.html]
[dreadnaut.altervista.org/pascal/tp7ita/06B7.html]
[dreadnaut.altervista.org/pascal/tp7ita/06B8.html]
[dreadnaut.altervista.org/pascal/tp7ita/06B9.html]
[dreadnaut.altervista.org/pascal/tp7ita/06B3.html]
[dreadnaut.altervista.org/pascal/tp7ita/06AB.html]
[dreadnaut.altervista.org/pascal/tp7ita/06B1.html]
[dreadnaut.altervista.org/pascal/tp7ita/06C7.html]
[dreadnaut.altervista.org/pascal/tp7ita/01A7.html]
[dreadnaut.altervista.org/pascal/tp7ita/0321.html]
[dreadnaut.altervista.org/pascal/tp7ita/0322.html]
[dreadnaut.altervista.org/pascal/tp7ita/0323.html]
[dreadnaut.altervista.org/pascal/tp7ita/0324.html]
[dreadnaut.altervista.org/pascal/tp7ita/0325.html]
[dreadnaut.altervista.org/pascal/tp7ita/0326.html]
[dreadnaut.altervista.org/pascal/tp7ita/0327.html]
[dreadnaut.altervista.org/pascal/tp7ita/0328.html]
[dreadnaut.altervista.org/pascal/tp7ita/032A.html]
[dreadnaut.altervista.org/pascal/tp7ita/032B.html]
[dreadnaut.altervista.org/pascal/tp7ita/032C.html]
[dreadnaut.altervista.org/pascal/tp7ita/032D.html]
[dreadnaut.altervista.org/pascal/tp7ita/032E.html]
[dreadnaut.altervista.org/pascal/tp7ita/032F.html]
[dreadnaut.altervista.org/pascal/tp7ita/0330.html]
[dreadnaut.altervista.org/pascal/tp7ita/0331.html]
[dreadnaut.altervista.org/pascal/tp7ita/0332.html]
[dreadnaut.altervista.org/pascal/tp7ita/0333.html]
[dreadnaut.altervista.org/pascal/tp7ita/0334.html]
[dreadnaut.altervista.org/pascal/tp7ita/0335.html]
[dreadnaut.altervista.org/pascal/tp7ita/0336.html]
[dreadnaut.altervista.org/pascal/tp7ita/0337.html]
[dreadnaut.altervista.org/pascal/tp7ita/0338.html]
[dreadnaut.altervista.org/pascal/tp7ita/0339.html]
[dreadnaut.altervista.org/pascal/tp7ita/033A.html]
[dreadnaut.altervista.org/pascal/tp7ita/033B.html]
[dreadnaut.altervista.org/pascal/tp7ita/033C.html]
[dreadnaut.altervista.org/pascal/tp7ita/033D.html]
[dreadnaut.altervista.org/pascal/tp7ita/033E.html]
[dreadnaut.altervista.org/pascal/tp7ita/033F.html]
[dreadnaut.altervista.org/pascal/tp7ita/0340.html]
[dreadnaut.altervista.org/pascal/tp7ita/0341.html]
[dreadnaut.altervista.org/pascal/tp7ita/0342.html]
[dreadnaut.altervista.org/pascal/tp7ita/0343.html]
[dreadnaut.altervista.org/pascal/tp7ita/0344.html]
[dreadnaut.altervista.org/pascal/tp7ita/0345.html]
[dreadnaut.altervista.org/pascal/tp7ita/0346.html]
[dreadnaut.altervista.org/pascal/tp7ita/0347.html]
[dreadnaut.altervista.org/pascal/tp7ita/0348.html]
[dreadnaut.altervista.org/pascal/tp7ita/0349.html]
[dreadnaut.altervista.org/pascal/tp7ita/034A.html]
[dreadnaut.altervista.org/pascal/tp7ita/034B.html]
[dreadnaut.altervista.org/pascal/tp7ita/034C.html]
[dreadnaut.altervista.org/pascal/tp7ita/034D.html]
[dreadnaut.altervista.org/pascal/tp7ita/034E.html]
[dreadnaut.altervista.org/pascal/tp7ita/034F.html]
[dreadnaut.altervista.org/pascal/tp7ita/0350.html]
[dreadnaut.altervista.org/pascal/tp7ita/0351.html]
[dreadnaut.altervista.org/pascal/tp7ita/0352.html]
[dreadnaut.altervista.org/pascal/tp7ita/0353.html]
[dreadnaut.altervista.org/pascal/tp7ita/0354.html]
[dreadnaut.altervista.org/pascal/tp7ita/0355.html]
[dreadnaut.altervista.org/pascal/tp7ita/0356.html]
[dreadnaut.altervista.org/pascal/tp7ita/0357.html]
[dreadnaut.altervista.org/pascal/tp7ita/0358.html]
[dreadnaut.altervista.org/pascal/tp7ita/0359.html]
[dreadnaut.altervista.org/pascal/tp7ita/035A.html]
[dreadnaut.altervista.org/pascal/tp7ita/035B.html]
[dreadnaut.altervista.org/pascal/tp7ita/035D.html]
[dreadnaut.altervista.org/pascal/tp7ita/035E.html]
[dreadnaut.altervista.org/pascal/tp7ita/035F.html]
[dreadnaut.altervista.org/pascal/tp7ita/0360.html]
[dreadnaut.altervista.org/pascal/tp7ita/0361.html]
[dreadnaut.altervista.org/pascal/tp7ita/0362.html]
[dreadnaut.altervista.org/pascal/tp7ita/0363.html]
[dreadnaut.altervista.org/pascal/tp7ita/0364.html]
[dreadnaut.altervista.org/pascal/tp7ita/0365.html]
[dreadnaut.altervista.org/pascal/tp7ita/0366.html]
[dreadnaut.altervista.org/pascal/tp7ita/0367.html]
[dreadnaut.altervista.org/pascal/tp7ita/0368.html]
[dreadnaut.altervista.org/pascal/tp7ita/0369.html]
[dreadnaut.altervista.org/pascal/tp7ita/036A.html]
[dreadnaut.altervista.org/pascal/tp7ita/036B.html]
[dreadnaut.altervista.org/pascal/tp7ita/036C.html]
[dreadnaut.altervista.org/pascal/tp7ita/036D.html]
[dreadnaut.altervista.org/pascal/tp7ita/036E.html]
[dreadnaut.altervista.org/pascal/tp7ita/036F.html]
[dreadnaut.altervista.org/pascal/tp7ita/0370.html]
[dreadnaut.altervista.org/pascal/tp7ita/0371.html]
[dreadnaut.altervista.org/pascal/tp7ita/0372.html]
[dreadnaut.altervista.org/pascal/tp7ita/0373.html]
[dreadnaut.altervista.org/pascal/tp7ita/0374.html]
[dreadnaut.altervista.org/pascal/tp7ita/0375.html]
[dreadnaut.altervista.org/pascal/tp7ita/0376.html]
[dreadnaut.altervista.org/pascal/tp7ita/0377.html]
[dreadnaut.altervista.org/pascal/tp7ita/0378.html]
[dreadnaut.altervista.org/pascal/tp7ita/0379.html]
[dreadnaut.altervista.org/pascal/tp7ita/037A.html]
[dreadnaut.altervista.org/pascal/tp7ita/037B.html]
[dreadnaut.altervista.org/pascal/tp7ita/037C.html]
[dreadnaut.altervista.org/pascal/tp7ita/037D.html]
[dreadnaut.altervista.org/pascal/tp7ita/037E.html]
[dreadnaut.altervista.org/pascal/tp7ita/037F.html]
[dreadnaut.altervista.org/pascal/tp7ita/0380.html]
[dreadnaut.altervista.org/pascal/tp7ita/0381.html]
[dreadnaut.altervista.org/pascal/tp7ita/0382.html]
[dreadnaut.altervista.org/pascal/tp7ita/0383.html]
[dreadnaut.altervista.org/pascal/tp7ita/01A9.html]
[dreadnaut.altervista.org/pascal/tp7ita/0384.html]
[dreadnaut.altervista.org/pascal/tp7ita/0385.html]
[dreadnaut.altervista.org/pascal/tp7ita/0386.html]
[dreadnaut.altervista.org/pascal/tp7ita/0387.html]
[dreadnaut.altervista.org/pascal/tp7ita/0388.html]
[dreadnaut.altervista.org/pascal/tp7ita/0389.html]
[dreadnaut.altervista.org/pascal/tp7ita/038A.html]
[dreadnaut.altervista.org/pascal/tp7ita/038B.html]
[dreadnaut.altervista.org/pascal/tp7ita/038C.html]
[dreadnaut.altervista.org/pascal/tp7ita/038D.html]
[dreadnaut.altervista.org/pascal/tp7ita/038E.html]
[dreadnaut.altervista.org/pascal/tp7ita/0390.html]
[dreadnaut.altervista.org/pascal/tp7ita/0391.html]
[dreadnaut.altervista.org/pascal/tp7ita/0392.html]
[dreadnaut.altervista.org/pascal/tp7ita/0394.html]
[dreadnaut.altervista.org/pascal/tp7ita/0395.html]
[dreadnaut.altervista.org/pascal/tp7ita/0396.html]
[dreadnaut.altervista.org/pascal/tp7ita/0397.html]
[dreadnaut.altervista.org/pascal/tp7ita/0399.html]
[dreadnaut.altervista.org/pascal/tp7ita/039A.html]
[dreadnaut.altervista.org/pascal/tp7ita/039B.html]
[dreadnaut.altervista.org/pascal/tp7ita/039C.html]
[dreadnaut.altervista.org/pascal/tp7ita/039E.html]
[dreadnaut.altervista.org/pascal/tp7ita/039F.html]
[dreadnaut.altervista.org/pascal/tp7ita/03A0.html]
[dreadnaut.altervista.org/pascal/tp7ita/03A1.html]
[dreadnaut.altervista.org/pascal/tp7ita/03A2.html]
[dreadnaut.altervista.org/pascal/tp7ita/03A3.html]
[dreadnaut.altervista.org/pascal/tp7ita/03A5.html]
[dreadnaut.altervista.org/pascal/tp7ita/03A6.html]
[dreadnaut.altervista.org/pascal/tp7ita/03A7.html]
[dreadnaut.altervista.org/pascal/tp7ita/03A8.html]
[dreadnaut.altervista.org/pascal/tp7ita/03A9.html]
[dreadnaut.altervista.org/pascal/tp7ita/03AA.html]
[dreadnaut.altervista.org/pascal/tp7ita/03AB.html]
[dreadnaut.altervista.org/pascal/tp7ita/03AC.html]
[dreadnaut.altervista.org/pascal/tp7ita/03AD.html]
[dreadnaut.altervista.org/pascal/tp7ita/03AE.html]
[dreadnaut.altervista.org/pascal/tp7ita/03AF.html]
[dreadnaut.altervista.org/pascal/tp7ita/03B0.html]
[dreadnaut.altervista.org/pascal/tp7ita/03B1.html]
[dreadnaut.altervista.org/pascal/tp7ita/03B2.html]
[dreadnaut.altervista.org/pascal/tp7ita/03B3.html]
[dreadnaut.altervista.org/pascal/tp7ita/03B4.html]
[dreadnaut.altervista.org/pascal/tp7ita/03B5.html]
[dreadnaut.altervista.org/pascal/tp7ita/03B6.html]
[dreadnaut.altervista.org/pascal/tp7ita/03B7.html]
[dreadnaut.altervista.org/pascal/tp7ita/03B8.html]
[dreadnaut.altervista.org/pascal/tp7ita/03B9.html]
[dreadnaut.altervista.org/pascal/tp7ita/03BA.html]
[dreadnaut.altervista.org/pascal/tp7ita/03BB.html]
[dreadnaut.altervista.org/pascal/tp7ita/03BC.html]
[dreadnaut.altervista.org/pascal/tp7ita/03BD.html]
[dreadnaut.altervista.org/pascal/tp7ita/03BE.html]
[dreadnaut.altervista.org/pascal/tp7ita/03BF.html]
[dreadnaut.altervista.org/pascal/tp7ita/03C0.html]
[dreadnaut.altervista.org/pascal/tp7ita/03C1.html]
[dreadnaut.altervista.org/pascal/tp7ita/03C2.html]
[dreadnaut.altervista.org/pascal/tp7ita/03C3.html]
[dreadnaut.altervista.org/pascal/tp7ita/03C4.html]
[dreadnaut.altervista.org/pascal/tp7ita/03C5.html]
[dreadnaut.altervista.org/pascal/tp7ita/03C6.html]
[dreadnaut.altervista.org/pascal/tp7ita/03C7.html]
[dreadnaut.altervista.org/pascal/tp7ita/03C8.html]
[dreadnaut.altervista.org/pascal/tp7ita/03C9.html]
[dreadnaut.altervista.org/pascal/tp7ita/03CA.html]
[dreadnaut.altervista.org/pascal/tp7ita/01AA.html]
[dreadnaut.altervista.org/pascal/tp7ita/01F5.html]
[dreadnaut.altervista.org/pascal/tp7ita/01F6.html]
[dreadnaut.altervista.org/pascal/tp7ita/01F7.html]
[dreadnaut.altervista.org/pascal/tp7ita/01F8.html]
[dreadnaut.altervista.org/pascal/tp7ita/01F9.html]
[dreadnaut.altervista.org/pascal/tp7ita/01FA.html]
[dreadnaut.altervista.org/pascal/tp7ita/0200.html]
[dreadnaut.altervista.org/pascal/tp7ita/0203.html]
[dreadnaut.altervista.org/pascal/tp7ita/0204.html]
[dreadnaut.altervista.org/pascal/tp7ita/0205.html]
[dreadnaut.altervista.org/pascal/tp7ita/0206.html]
[dreadnaut.altervista.org/pascal/tp7ita/0258.html]
[dreadnaut.altervista.org/pascal/tp7ita/0259.html]
[dreadnaut.altervista.org/pascal/tp7ita/025A.html]
[dreadnaut.altervista.org/pascal/tp7ita/025B.html]
[dreadnaut.altervista.org/pascal/tp7ita/025C.html]
[dreadnaut.altervista.org/pascal/tp7ita/025D.html]
[dreadnaut.altervista.org/pascal/tp7ita/025E.html]
[dreadnaut.altervista.org/pascal/tp7ita/028A.html]
[dreadnaut.altervista.org/pascal/tp7ita/028B.html]
[dreadnaut.altervista.org/pascal/tp7ita/028C.html]
[dreadnaut.altervista.org/pascal/tp7ita/028E.html]
[dreadnaut.altervista.org/pascal/tp7ita/0290.html]
[dreadnaut.altervista.org/pascal/tp7ita/0291.html]
[dreadnaut.altervista.org/pascal/tp7ita/0293.html]
[dreadnaut.altervista.org/pascal/tp7ita/0294.html]
[dreadnaut.altervista.org/pascal/tp7ita/0295.html]
[dreadnaut.altervista.org/pascal/tp7ita/0296.html]
[dreadnaut.altervista.org/pascal/tp7ita/02BC.html]
[dreadnaut.altervista.org/pascal/tp7ita/02BD.html]
[dreadnaut.altervista.org/pascal/tp7ita/02BE.html]
[dreadnaut.altervista.org/pascal/tp7ita/02BF.html]
[dreadnaut.altervista.org/pascal/tp7ita/02C0.html]
[dreadnaut.altervista.org/pascal/tp7ita/02C1.html]
[dreadnaut.altervista.org/pascal/tp7ita/02C2.html]
[dreadnaut.altervista.org/pascal/tp7ita/02C3.html]
[dreadnaut.altervista.org/pascal/tp7ita/02C4.html]
[dreadnaut.altervista.org/pascal/tp7ita/02C5.html]
[dreadnaut.altervista.org/pascal/tp7ita/02C6.html]
[dreadnaut.altervista.org/pascal/tp7ita/02C7.html]
[dreadnaut.altervista.org/pascal/tp7ita/02C8.html]
[dreadnaut.altervista.org/pascal/tp7ita/02C9.html]
[dreadnaut.altervista.org/pascal/tp7ita/02CA.html]
[dreadnaut.altervista.org/pascal/tp7ita/02CB.html]
[dreadnaut.altervista.org/pascal/tp7ita/01A8.html]
[dreadnaut.altervista.org/pascal/tp7ita/02CC.html]
[dreadnaut.altervista.org/pascal/tp7ita/05E5.html]
[dreadnaut.altervista.org/pascal/tp7ita/05F7.html]
[dreadnaut.altervista.org/pascal/tp7ita/05D1.html]
[dreadnaut.altervista.org/pascal/tp7ita/031B.html]
[dreadnaut.altervista.org/pascal/tp7ita/05EF.html]
[dreadnaut.altervista.org/pascal/tp7ita/06BC.html]
[dreadnaut.altervista.org/pascal/tp7ita/0559.html]
[dreadnaut.altervista.org/pascal/tp7ita/055A.html]
[dreadnaut.altervista.org/pascal/tp7ita/055C.html]
[dreadnaut.altervista.org/pascal/tp7ita/055D.html]
[dreadnaut.altervista.org/pascal/tp7ita/0561.html]
[dreadnaut.altervista.org/pascal/tp7ita/0562.html]
[dreadnaut.altervista.org/pascal/tp7ita/06BB.html]
[dreadnaut.altervista.org/pascal/tp7ita/059D.html]
[dreadnaut.altervista.org/pascal/tp7ita/0612.html]
[dreadnaut.altervista.org/pascal/tp7ita/0602.html]
[dreadnaut.altervista.org/pascal/tp7ita/067D.html]
[dreadnaut.altervista.org/pascal/tp7ita/05A2.html]
[dreadnaut.altervista.org/pascal/tp7ita/06A8.html]
[dreadnaut.altervista.org/pascal/tp7ita/0490.html]
[dreadnaut.altervista.org/pascal/tp7ita/0597.html]
[dreadnaut.altervista.org/pascal/tp7ita/0510.html]
[dreadnaut.altervista.org/pascal/tp7ita/0511.html]
[dreadnaut.altervista.org/pascal/tp7ita/0499.html]
[dreadnaut.altervista.org/pascal/tp7ita/04A3.html]
[dreadnaut.altervista.org/pascal/tp7ita/04A5.html]
[dreadnaut.altervista.org/pascal/tp7ita/061D.html]
[dreadnaut.altervista.org/pascal/tp7ita/0600.html]
[dreadnaut.altervista.org/pascal/tp7ita/05E2.html]
[dreadnaut.altervista.org/pascal/tp7ita/05E4.html]
[dreadnaut.altervista.org/pascal/tp7ita/05EE.html]
[dreadnaut.altervista.org/pascal/tp7ita/061C.html]
[dreadnaut.altervista.org/pascal/tp7ita/04A9.html]
[dreadnaut.altervista.org/pascal/tp7ita/04B9.html]
[dreadnaut.altervista.org/pascal/tp7ita/050D.html]
[dreadnaut.altervista.org/pascal/tp7ita/060C.html]
[dreadnaut.altervista.org/pascal/tp7ita/04B8.html]
[dreadnaut.altervista.org/pascal/tp7ita/06C2.html]
[dreadnaut.altervista.org/pascal/tp7ita/06C9.html]
[dreadnaut.altervista.org/pascal/tp7ita/04D1.html]
[dreadnaut.altervista.org/pascal/tp7ita/0619.html]
[dreadnaut.altervista.org/pascal/tp7ita/05C5.html]
[dreadnaut.altervista.org/pascal/tp7ita/04F7.html]
[dreadnaut.altervista.org/pascal/tp7ita/06A1.html]
[dreadnaut.altervista.org/pascal/tp7ita/0513.html]
[dreadnaut.altervista.org/pascal/tp7ita/06C1.html]
[dreadnaut.altervista.org/pascal/tp7ita/06C6.html]
[dreadnaut.altervista.org/pascal/tp7ita/051B.html]
[dreadnaut.altervista.org/pascal/tp7ita/06BE.html]
[dreadnaut.altervista.org/pascal/tp7ita/06BF.html]
[dreadnaut.altervista.org/pascal/tp7ita/06AF.html]
[dreadnaut.altervista.org/pascal/tp7ita/06AD.html]
[dreadnaut.altervista.org/pascal/tp7ita/053D.html]
[dreadnaut.altervista.org/pascal/tp7ita/0570.html]
[dreadnaut.altervista.org/pascal/tp7ita/04C7.html]
[dreadnaut.altervista.org/pascal/tp7ita/04DB.html]
[dreadnaut.altervista.org/pascal/tp7ita/056A.html]
[dreadnaut.altervista.org/pascal/tp7ita/056B.html]
[dreadnaut.altervista.org/pascal/tp7ita/0576.html]
[dreadnaut.altervista.org/pascal/tp7ita/055B.html]
[dreadnaut.altervista.org/pascal/tp7ita/06BA.html]
[dreadnaut.altervista.org/pascal/tp7ita/06B0.html]
[dreadnaut.altervista.org/pascal/tp7ita/06AA.html]
[dreadnaut.altervista.org/pascal/tp7ita/06B2.html]
[dreadnaut.altervista.org/pascal/tp7ita/04BF.html]
[dreadnaut.altervista.org/pascal/tp7ita/04C2.html]
[dreadnaut.altervista.org/pascal/tp7ita/051F.html]
[dreadnaut.altervista.org/pascal/tp7ita/0522.html]
[dreadnaut.altervista.org/pascal/tp7ita/0103.html]
[dreadnaut.altervista.org/pascal/tp7ita/05A3.html]
[dreadnaut.altervista.org/pascal/tp7ita/0487.html]
[dreadnaut.altervista.org/pascal/tp7ita/0101.html]
[dreadnaut.altervista.org/pascal/tp7ita/0620.html]
[dreadnaut.altervista.org/pascal/tp7ita/0577.html]
[dreadnaut.altervista.org/pascal/tp7ita/04DD.html]
[dreadnaut.altervista.org/pascal/tp7ita/0698.html]
[dreadnaut.altervista.org/pascal/tp7ita/0696.html]
[dreadnaut.altervista.org/pascal/tp7ita/0519.html]
[dreadnaut.altervista.org/pascal/tp7ita/04B3.html]
[dreadnaut.altervista.org/pascal/tp7ita/057A.html]
[dreadnaut.altervista.org/pascal/tp7ita/04E0.html]
[dreadnaut.altervista.org/pascal/tp7ita/0545.html]
[dreadnaut.altervista.org/pascal/tp7ita/0546.html]
[dreadnaut.altervista.org/pascal/tp7ita/0549.html]
[dreadnaut.altervista.org/pascal/tp7ita/054A.html]
[dreadnaut.altervista.org/pascal/tp7ita/054E.html]
[dreadnaut.altervista.org/pascal/tp7ita/054F.html]
[dreadnaut.altervista.org/pascal/tp7ita/0554.html]
[dreadnaut.altervista.org/pascal/tp7ita/0558.html]
[dreadnaut.altervista.org/pascal/tp7ita/0567.html]
[dreadnaut.altervista.org/pascal/tp7ita/0568.html]
[dreadnaut.altervista.org/pascal/tp7ita/056E.html]
[dreadnaut.altervista.org/pascal/tp7ita/0571.html]
[dreadnaut.altervista.org/pascal/tp7ita/0575.html]
[dreadnaut.altervista.org/pascal/tp7ita/057D.html]
[dreadnaut.altervista.org/pascal/tp7ita/058A.html]
[dreadnaut.altervista.org/pascal/tp7ita/058B.html]
[dreadnaut.altervista.org/pascal/tp7ita/05A4.html]
[dreadnaut.altervista.org/pascal/tp7ita/04D9.html]
[dreadnaut.altervista.org/pascal/tp7ita/04DC.html]
[dreadnaut.altervista.org/pascal/tp7ita/04E3.html]
[dreadnaut.altervista.org/pascal/tp7ita/04E9.html]
[dreadnaut.altervista.org/pascal/tp7ita/04EC.html]
[dreadnaut.altervista.org/pascal/tp7ita/050F.html]
[dreadnaut.altervista.org/pascal/tp7ita/06B4.html]
[dreadnaut.altervista.org/pascal/tp7ita/06B5.html]
[dreadnaut.altervista.org/pascal/tp7ita/06B6.html]
[dreadnaut.altervista.org/pascal/tp7ita/06B7.html]
[dreadnaut.altervista.org/pascal/tp7ita/06B8.html]
[dreadnaut.altervista.org/pascal/tp7ita/06B9.html]
[dreadnaut.altervista.org/pascal/tp7ita/011C.html]
[dreadnaut.altervista.org/pascal/tp7ita/0175.html]
[dreadnaut.altervista.org/pascal/tp7ita/0111.html]
[dreadnaut.altervista.org/pascal/tp7ita/0112.html]
[dreadnaut.altervista.org/pascal/tp7ita/0102.html]
[dreadnaut.altervista.org/pascal/tp7ita/010E.html]
[dreadnaut.altervista.org/pascal/tp7ita/061E.html]
[dreadnaut.altervista.org/pascal/tp7ita/0321.html]
[dreadnaut.altervista.org/pascal/tp7ita/01A4.html]
[dreadnaut.altervista.org/pascal/tp7ita/0322.html]
[dreadnaut.altervista.org/pascal/tp7ita/0323.html]
[dreadnaut.altervista.org/pascal/tp7ita/0324.html]
[dreadnaut.altervista.org/pascal/tp7ita/0325.html]
[dreadnaut.altervista.org/pascal/tp7ita/0326.html]
[dreadnaut.altervista.org/pascal/tp7ita/0327.html]
[dreadnaut.altervista.org/pascal/tp7ita/0328.html]
[dreadnaut.altervista.org/pascal/tp7ita/032A.html]
[dreadnaut.altervista.org/pascal/tp7ita/032B.html]
[dreadnaut.altervista.org/pascal/tp7ita/032C.html]
[dreadnaut.altervista.org/pascal/tp7ita/032D.html]
[dreadnaut.altervista.org/pascal/tp7ita/032E.html]
[dreadnaut.altervista.org/pascal/tp7ita/032F.html]
[dreadnaut.altervista.org/pascal/tp7ita/0330.html]
[dreadnaut.altervista.org/pascal/tp7ita/0331.html]
[dreadnaut.altervista.org/pascal/tp7ita/0332.html]
[dreadnaut.altervista.org/pascal/tp7ita/0333.html]
[dreadnaut.altervista.org/pascal/tp7ita/0334.html]
[dreadnaut.altervista.org/pascal/tp7ita/0335.html]
[dreadnaut.altervista.org/pascal/tp7ita/0336.html]
[dreadnaut.altervista.org/pascal/tp7ita/0337.html]
[dreadnaut.altervista.org/pascal/tp7ita/0338.html]
[dreadnaut.altervista.org/pascal/tp7ita/0339.html]
[dreadnaut.altervista.org/pascal/tp7ita/033A.html]
[dreadnaut.altervista.org/pascal/tp7ita/033B.html]
[dreadnaut.altervista.org/pascal/tp7ita/033C.html]
[dreadnaut.altervista.org/pascal/tp7ita/033D.html]
[dreadnaut.altervista.org/pascal/tp7ita/033E.html]
[dreadnaut.altervista.org/pascal/tp7ita/033F.html]
[dreadnaut.altervista.org/pascal/tp7ita/0340.html]
[dreadnaut.altervista.org/pascal/tp7ita/0341.html]
[dreadnaut.altervista.org/pascal/tp7ita/0342.html]
[dreadnaut.altervista.org/pascal/tp7ita/0343.html]
[dreadnaut.altervista.org/pascal/tp7ita/05E1.html]
[dreadnaut.altervista.org/pascal/tp7ita/0344.html]
[dreadnaut.altervista.org/pascal/tp7ita/0345.html]
[dreadnaut.altervista.org/pascal/tp7ita/0346.html]
[dreadnaut.altervista.org/pascal/tp7ita/0347.html]
[dreadnaut.altervista.org/pascal/tp7ita/0348.html]
[dreadnaut.altervista.org/pascal/tp7ita/0349.html]
[dreadnaut.altervista.org/pascal/tp7ita/034A.html]
[dreadnaut.altervista.org/pascal/tp7ita/034B.html]
[dreadnaut.altervista.org/pascal/tp7ita/034C.html]
[dreadnaut.altervista.org/pascal/tp7ita/034D.html]
[dreadnaut.altervista.org/pascal/tp7ita/0488.html]
[dreadnaut.altervista.org/pascal/tp7ita/034E.html]
[dreadnaut.altervista.org/pascal/tp7ita/034F.html]
[dreadnaut.altervista.org/pascal/tp7ita/0350.html]
[dreadnaut.altervista.org/pascal/tp7ita/0351.html]
[dreadnaut.altervista.org/pascal/tp7ita/0352.html]
[dreadnaut.altervista.org/pascal/tp7ita/0353.html]
[dreadnaut.altervista.org/pascal/tp7ita/0354.html]
[dreadnaut.altervista.org/pascal/tp7ita/0355.html]
[dreadnaut.altervista.org/pascal/tp7ita/0356.html]
[dreadnaut.altervista.org/pascal/tp7ita/0357.html]
[dreadnaut.altervista.org/pascal/tp7ita/0358.html]
[dreadnaut.altervista.org/pascal/tp7ita/0359.html]
[dreadnaut.altervista.org/pascal/tp7ita/035A.html]
[dreadnaut.altervista.org/pascal/tp7ita/035B.html]
[dreadnaut.altervista.org/pascal/tp7ita/035D.html]
[dreadnaut.altervista.org/pascal/tp7ita/035E.html]
[dreadnaut.altervista.org/pascal/tp7ita/035F.html]
[dreadnaut.altervista.org/pascal/tp7ita/0360.html]
[dreadnaut.altervista.org/pascal/tp7ita/0361.html]
[dreadnaut.altervista.org/pascal/tp7ita/0362.html]
[dreadnaut.altervista.org/pascal/tp7ita/0363.html]
[dreadnaut.altervista.org/pascal/tp7ita/0364.html]
[dreadnaut.altervista.org/pascal/tp7ita/0365.html]
[dreadnaut.altervista.org/pascal/tp7ita/0366.html]
[dreadnaut.altervista.org/pascal/tp7ita/0367.html]
[dreadnaut.altervista.org/pascal/tp7ita/0368.html]
[dreadnaut.altervista.org/pascal/tp7ita/0369.html]
[dreadnaut.altervista.org/pascal/tp7ita/036A.html]
[dreadnaut.altervista.org/pascal/tp7ita/036B.html]
[dreadnaut.altervista.org/pascal/tp7ita/036C.html]
[dreadnaut.altervista.org/pascal/tp7ita/036D.html]
[dreadnaut.altervista.org/pascal/tp7ita/036E.html]
[dreadnaut.altervista.org/pascal/tp7ita/036F.html]
[dreadnaut.altervista.org/pascal/tp7ita/0370.html]
[dreadnaut.altervista.org/pascal/tp7ita/0371.html]
[dreadnaut.altervista.org/pascal/tp7ita/0372.html]
[dreadnaut.altervista.org/pascal/tp7ita/0373.html]
[dreadnaut.altervista.org/pascal/tp7ita/0374.html]
[dreadnaut.altervista.org/pascal/tp7ita/0375.html]
[dreadnaut.altervista.org/pascal/tp7ita/0376.html]
[dreadnaut.altervista.org/pascal/tp7ita/0377.html]
[dreadnaut.altervista.org/pascal/tp7ita/0378.html]
[dreadnaut.altervista.org/pascal/tp7ita/0379.html]
[dreadnaut.altervista.org/pascal/tp7ita/037A.html]
[dreadnaut.altervista.org/pascal/tp7ita/037B.html]
[dreadnaut.altervista.org/pascal/tp7ita/037C.html]
[dreadnaut.altervista.org/pascal/tp7ita/037D.html]
[dreadnaut.altervista.org/pascal/tp7ita/037E.html]
[dreadnaut.altervista.org/pascal/tp7ita/037F.html]
[dreadnaut.altervista.org/pascal/tp7ita/0380.html]
[dreadnaut.altervista.org/pascal/tp7ita/0381.html]
[dreadnaut.altervista.org/pascal/tp7ita/0382.html]
[dreadnaut.altervista.org/pascal/tp7ita/0383.html]
[dreadnaut.altervista.org/pascal/tp7ita/0384.html]
[dreadnaut.altervista.org/pascal/tp7ita/0385.html]
[dreadnaut.altervista.org/pascal/tp7ita/0386.html]
[dreadnaut.altervista.org/pascal/tp7ita/0387.html]
[dreadnaut.altervista.org/pascal/tp7ita/0388.html]
[dreadnaut.altervista.org/pascal/tp7ita/0389.html]
[dreadnaut.altervista.org/pascal/tp7ita/038A.html]
[dreadnaut.altervista.org/pascal/tp7ita/038B.html]
[dreadnaut.altervista.org/pascal/tp7ita/038C.html]
[dreadnaut.altervista.org/pascal/tp7ita/038D.html]
[dreadnaut.altervista.org/pascal/tp7ita/038E.html]
[dreadnaut.altervista.org/pascal/tp7ita/0390.html]
[dreadnaut.altervista.org/pascal/tp7ita/0391.html]
[dreadnaut.altervista.org/pascal/tp7ita/0392.html]
[dreadnaut.altervista.org/pascal/tp7ita/047C.html]
[dreadnaut.altervista.org/pascal/tp7ita/0394.html]
[dreadnaut.altervista.org/pascal/tp7ita/0395.html]
[dreadnaut.altervista.org/pascal/tp7ita/0396.html]
[dreadnaut.altervista.org/pascal/tp7ita/0397.html]
[dreadnaut.altervista.org/pascal/tp7ita/0399.html]
[dreadnaut.altervista.org/pascal/tp7ita/039A.html]
[dreadnaut.altervista.org/pascal/tp7ita/039B.html]
[dreadnaut.altervista.org/pascal/tp7ita/039C.html]
[dreadnaut.altervista.org/pascal/tp7ita/039E.html]
[dreadnaut.altervista.org/pascal/tp7ita/039F.html]
[dreadnaut.altervista.org/pascal/tp7ita/03A0.html]
[dreadnaut.altervista.org/pascal/tp7ita/03A1.html]
[dreadnaut.altervista.org/pascal/tp7ita/03A2.html]
[dreadnaut.altervista.org/pascal/tp7ita/03A3.html]
[dreadnaut.altervista.org/pascal/tp7ita/03A5.html]
[dreadnaut.altervista.org/pascal/tp7ita/03A6.html]
[dreadnaut.altervista.org/pascal/tp7ita/03A7.html]
[dreadnaut.altervista.org/pascal/tp7ita/03A8.html]
[dreadnaut.altervista.org/pascal/tp7ita/03A9.html]
[dreadnaut.altervista.org/pascal/tp7ita/03AA.html]
[dreadnaut.altervista.org/pascal/tp7ita/03AB.html]
[dreadnaut.altervista.org/pascal/tp7ita/03AC.html]
[dreadnaut.altervista.org/pascal/tp7ita/03AD.html]
[dreadnaut.altervista.org/pascal/tp7ita/03AE.html]
[dreadnaut.altervista.org/pascal/tp7ita/0477.html]
[dreadnaut.altervista.org/pascal/tp7ita/05FF.html]
[dreadnaut.altervista.org/pascal/tp7ita/03AF.html]
[dreadnaut.altervista.org/pascal/tp7ita/03B0.html]
[dreadnaut.altervista.org/pascal/tp7ita/03B1.html]
[dreadnaut.altervista.org/pascal/tp7ita/03B2.html]
[dreadnaut.altervista.org/pascal/tp7ita/03B3.html]
[dreadnaut.altervista.org/pascal/tp7ita/03B4.html]
[dreadnaut.altervista.org/pascal/tp7ita/03B5.html]
[dreadnaut.altervista.org/pascal/tp7ita/03B6.html]
[dreadnaut.altervista.org/pascal/tp7ita/03B7.html]
[dreadnaut.altervista.org/pascal/tp7ita/03B8.html]
[dreadnaut.altervista.org/pascal/tp7ita/03B9.html]
[dreadnaut.altervista.org/pascal/tp7ita/03BA.html]
[dreadnaut.altervista.org/pascal/tp7ita/03BB.html]
[dreadnaut.altervista.org/pascal/tp7ita/03BC.html]
[dreadnaut.altervista.org/pascal/tp7ita/03BD.html]
[dreadnaut.altervista.org/pascal/tp7ita/03BE.html]
[dreadnaut.altervista.org/pascal/tp7ita/03BF.html]
[dreadnaut.altervista.org/pascal/tp7ita/03C0.html]
[dreadnaut.altervista.org/pascal/tp7ita/03C1.html]
[dreadnaut.altervista.org/pascal/tp7ita/03C2.html]
[dreadnaut.altervista.org/pascal/tp7ita/03C3.html]
[dreadnaut.altervista.org/pascal/tp7ita/03C4.html]
[dreadnaut.altervista.org/pascal/tp7ita/03C5.html]
[dreadnaut.altervista.org/pascal/tp7ita/03C6.html]
[dreadnaut.altervista.org/pascal/tp7ita/03C7.html]
[dreadnaut.altervista.org/pascal/tp7ita/03C8.html]
[dreadnaut.altervista.org/pascal/tp7ita/03C9.html]
[dreadnaut.altervista.org/pascal/tp7ita/03CA.html]
[dreadnaut.altervista.org/pascal/tp7ita/01F5.html]
[dreadnaut.altervista.org/pascal/tp7ita/01F6.html]
[dreadnaut.altervista.org/pascal/tp7ita/01F7.html]
[dreadnaut.altervista.org/pascal/tp7ita/01F8.html]
[dreadnaut.altervista.org/pascal/tp7ita/0525.html]
[dreadnaut.altervista.org/pascal/tp7ita/04CB.html]
[dreadnaut.altervista.org/pascal/tp7ita/04C8.html]
[dreadnaut.altervista.org/pascal/tp7ita/0552.html]
[dreadnaut.altervista.org/pascal/tp7ita/049F.html]
[dreadnaut.altervista.org/pascal/tp7ita/04CC.html]
[dreadnaut.altervista.org/pascal/tp7ita/052D.html]
[dreadnaut.altervista.org/pascal/tp7ita/052E.html]
[dreadnaut.altervista.org/pascal/tp7ita/01F9.html]
[dreadnaut.altervista.org/pascal/tp7ita/01FA.html]
[dreadnaut.altervista.org/pascal/tp7ita/0200.html]
[dreadnaut.altervista.org/pascal/tp7ita/0573.html]
[dreadnaut.altervista.org/pascal/tp7ita/0203.html]
[dreadnaut.altervista.org/pascal/tp7ita/0204.html]
[dreadnaut.altervista.org/pascal/tp7ita/0205.html]
[dreadnaut.altervista.org/pascal/tp7ita/0206.html]
[dreadnaut.altervista.org/pascal/tp7ita/0258.html]
[dreadnaut.altervista.org/pascal/tp7ita/0259.html]
[dreadnaut.altervista.org/pascal/tp7ita/0528.html]
[dreadnaut.altervista.org/pascal/tp7ita/025A.html]
[dreadnaut.altervista.org/pascal/tp7ita/025B.html]
[dreadnaut.altervista.org/pascal/tp7ita/0550.html]
[dreadnaut.altervista.org/pascal/tp7ita/0551.html]
[dreadnaut.altervista.org/pascal/tp7ita/04D2.html]
[dreadnaut.altervista.org/pascal/tp7ita/04D3.html]
[dreadnaut.altervista.org/pascal/tp7ita/025C.html]
[dreadnaut.altervista.org/pascal/tp7ita/025D.html]
[dreadnaut.altervista.org/pascal/tp7ita/025E.html]
[dreadnaut.altervista.org/pascal/tp7ita/028A.html]
[dreadnaut.altervista.org/pascal/tp7ita/028B.html]
[dreadnaut.altervista.org/pascal/tp7ita/028C.html]
[dreadnaut.altervista.org/pascal/tp7ita/028E.html]
[dreadnaut.altervista.org/pascal/tp7ita/0290.html]
[dreadnaut.altervista.org/pascal/tp7ita/0291.html]
[dreadnaut.altervista.org/pascal/tp7ita/0293.html]
[dreadnaut.altervista.org/pascal/tp7ita/0294.html]
[dreadnaut.altervista.org/pascal/tp7ita/0295.html]
[dreadnaut.altervista.org/pascal/tp7ita/0296.html]
[dreadnaut.altervista.org/pascal/tp7ita/02BC.html]
[dreadnaut.altervista.org/pascal/tp7ita/02BD.html]
[dreadnaut.altervista.org/pascal/tp7ita/0481.html]
[dreadnaut.altervista.org/pascal/tp7ita/0489.html]
[dreadnaut.altervista.org/pascal/tp7ita/02BE.html]
[dreadnaut.altervista.org/pascal/tp7ita/04A4.html]
[dreadnaut.altervista.org/pascal/tp7ita/0583.html]
[dreadnaut.altervista.org/pascal/tp7ita/02BF.html]
[dreadnaut.altervista.org/pascal/tp7ita/02C0.html]
[dreadnaut.altervista.org/pascal/tp7ita/02C1.html]
[dreadnaut.altervista.org/pascal/tp7ita/02C2.html]
[dreadnaut.altervista.org/pascal/tp7ita/0516.html]
[dreadnaut.altervista.org/pascal/tp7ita/04CD.html]
[dreadnaut.altervista.org/pascal/tp7ita/04F5.html]
[dreadnaut.altervista.org/pascal/tp7ita/0494.html]
[dreadnaut.altervista.org/pascal/tp7ita/02C3.html]
[dreadnaut.altervista.org/pascal/tp7ita/02C4.html]
[dreadnaut.altervista.org/pascal/tp7ita/02C5.html]
[dreadnaut.altervista.org/pascal/tp7ita/02C6.html]
[dreadnaut.altervista.org/pascal/tp7ita/02C7.html]
[dreadnaut.altervista.org/pascal/tp7ita/02C8.html]
[dreadnaut.altervista.org/pascal/tp7ita/02C9.html]
[dreadnaut.altervista.org/pascal/tp7ita/02CA.html]
[dreadnaut.altervista.org/pascal/tp7ita/02CB.html]
[dreadnaut.altervista.org/pascal/tp7ita/02CC.html]
[dreadnaut.altervista.org/pascal/tp7ita/05E5.html]
[dreadnaut.altervista.org/pascal/tp7ita/05F7.html]
[dreadnaut.altervista.org/pascal/tp7ita/05D1.html]
[dreadnaut.altervista.org/pascal/tp7ita/031B.html]
[dreadnaut.altervista.org/pascal/tp7ita/0612.html]
[dreadnaut.altervista.org/pascal/tp7ita/0597.html]
[dreadnaut.altervista.org/pascal/tp7ita/0510.html]
[dreadnaut.altervista.org/pascal/tp7ita/0511.html]
[dreadnaut.altervista.org/pascal/tp7ita/061D.html]
[dreadnaut.altervista.org/pascal/tp7ita/0600.html]
[dreadnaut.altervista.org/pascal/tp7ita/05E2.html]
[dreadnaut.altervista.org/pascal/tp7ita/05E4.html]
[dreadnaut.altervista.org/pascal/tp7ita/05EE.html]
[dreadnaut.altervista.org/pascal/tp7ita/061C.html]
[dreadnaut.altervista.org/pascal/tp7ita/04A9.html]
[dreadnaut.altervista.org/pascal/tp7ita/04B9.html]
[dreadnaut.altervista.org/pascal/tp7ita/050D.html]
[dreadnaut.altervista.org/pascal/tp7ita/06BE.html]
[dreadnaut.altervista.org/pascal/tp7ita/06BF.html]
[dreadnaut.altervista.org/pascal/tp7ita/06AD.html]
[dreadnaut.altervista.org/pascal/tp7ita/053D.html]
[dreadnaut.altervista.org/pascal/tp7ita/0570.html]
[dreadnaut.altervista.org/pascal/tp7ita/04C7.html]
[dreadnaut.altervista.org/pascal/tp7ita/04DB.html]
[dreadnaut.altervista.org/pascal/tp7ita/056A.html]
[dreadnaut.altervista.org/pascal/tp7ita/056B.html]
[dreadnaut.altervista.org/pascal/tp7ita/0576.html]
[dreadnaut.altervista.org/pascal/tp7ita/055B.html]
[dreadnaut.altervista.org/pascal/tp7ita/06B0.html]
[dreadnaut.altervista.org/pascal/tp7ita/04BF.html]
[dreadnaut.altervista.org/pascal/tp7ita/04C2.html]
[dreadnaut.altervista.org/pascal/tp7ita/011C.html]
[dreadnaut.altervista.org/pascal/tp7ita/0175.html]
[dreadnaut.altervista.org/pascal/tp7ita/0111.html]
[dreadnaut.altervista.org/pascal/tp7ita/0112.html]
[dreadnaut.altervista.org/pascal/tp7ita/0102.html]
[dreadnaut.altervista.org/pascal/tp7ita/010E.html]
[dreadnaut.altervista.org/pascal/tp7ita/061E.html]
[dreadnaut.altervista.org/pascal/tp7ita/01A4.html]
[dreadnaut.altervista.org/pascal/tp7ita/05E1.html]
[dreadnaut.altervista.org/pascal/tp7ita/0488.html]
[dreadnaut.altervista.org/pascal/tp7ita/047C.html]
[dreadnaut.altervista.org/pascal/tp7ita/0477.html]
[dreadnaut.altervista.org/pascal/tp7ita/05FF.html]
[dreadnaut.altervista.org/pascal/tp7ita/0525.html]
[dreadnaut.altervista.org/pascal/tp7ita/04CB.html]
[dreadnaut.altervista.org/pascal/tp7ita/04C8.html]
[dreadnaut.altervista.org/pascal/tp7ita/0552.html]
[dreadnaut.altervista.org/pascal/tp7ita/049F.html]
[dreadnaut.altervista.org/pascal/tp7ita/04CC.html]
[dreadnaut.altervista.org/pascal/tp7ita/052D.html]
[dreadnaut.altervista.org/pascal/tp7ita/052E.html]
[dreadnaut.altervista.org/pascal/tp7ita/0573.html]
[dreadnaut.altervista.org/pascal/tp7ita/0528.html]
[dreadnaut.altervista.org/pascal/tp7ita/0550.html]
[dreadnaut.altervista.org/pascal/tp7ita/0551.html]
[dreadnaut.altervista.org/pascal/tp7ita/04D2.html]
[dreadnaut.altervista.org/pascal/tp7ita/04D3.html]
[dreadnaut.altervista.org/pascal/tp7ita/0481.html]
[dreadnaut.altervista.org/pascal/tp7ita/0489.html]
[dreadnaut.altervista.org/pascal/tp7ita/04A4.html]
[dreadnaut.altervista.org/pascal/tp7ita/0583.html]
[dreadnaut.altervista.org/pascal/tp7ita/0516.html]
[dreadnaut.altervista.org/pascal/tp7ita/04CD.html]
[dreadnaut.altervista.org/pascal/tp7ita/04F5.html]
[dreadnaut.altervista.org/pascal/tp7ita/0494.html]
